- Cleaning dist dir C:/Users/speed/Documents/scraft/ambient/cms/dist
✔ Cleaning dist dir (24ms)
- Loading Strapi
Config file not loaded, extension must be one of .js,.json): admin.js.map
Config file not loaded, extension must be one of .js,.json): cron.js.map
Config file not loaded, extension must be one of .js,.json): database.js.map
Config file not loaded, extension must be one of .js,.json): middlewares.js.map
Config file not loaded, extension must be one of .js,.json): plugins.js.map
Config file not loaded, extension must be one of .js,.json): server.js.map
(node:22112) DeprecationWarning: Calling client.query() when the client is already executing a query is deprecated and will be removed in pg@9.0. Use async/await or an external async flow control mechanism instead.
(Use `node --trace-deprecation ...` to show where the warning was created)
- Building build context
✔ Building build context (60ms)
- Creating admin
[33mThe CJS build of Vite's Node API is deprecated. See https://vite.dev/guide/troubleshooting.html#vite-cjs-node-api-deprecated for more details.[39m
✔ Creating admin (360ms)
✔ Loading Strapi (17755ms)
- Generating types
✔ Generating types (1052ms)
- Compiling TS
- Cleaning dist dir C:/Users/speed/Documents/scraft/ambient/cms/dist
✔ Cleaning dist dir (155ms)
✔ Compiling TS (2489ms)
- Cleaning dist dir C:/Users/speed/Documents/scraft/ambient/cms/dist
✔ Cleaning dist dir (35ms)
- Loading Strapi
Config file not loaded, extension must be one of .js,.json): admin.js.map
Config file not loaded, extension must be one of .js,.json): cron.js.map
Config file not loaded, extension must be one of .js,.json): database.js.map
Config file not loaded, extension must be one of .js,.json): middlewares.js.map
Config file not loaded, extension must be one of .js,.json): plugins.js.map
Config file not loaded, extension must be one of .js,.json): server.js.map
[ERROR]  There seems to be an unexpected error, try again with --debug for more information 

