[2026-07-13 06:17:18.913] [33mwarn[39m: The strapi::cors middleware no longer supports the `enabled` option. Using it to conditionally enable CORS might cause an insecure default. To disable strapi::cors, remove it from the exported array in config/middleware.js
[2026-07-13 06:17:19.603] [33mwarn[39m: [email]: The "sendmail" email provider is still supported, but for most production setups that use a dedicated SMTP relay, consider switching to @strapi/provider-email-nodemailer (set `provider` to `"nodemailer"` in your email plugin config). This message is only shown in non-production environments.
Adding missing images to existing latest_news cards...
Seeded missing images in latest_news successfully!

 Project information

[90m╭────────────────────[39m[90m┬──────────────────────────────────────────────────╮[39m
[90m│[39m Time               [90m│[39m Mon Jul 13 2026 06:17:26 GMT-0700 (Pacific Dayl… [90m│[39m
[90m│[39m Launched in        [90m│[39m 10409 ms                                         [90m│[39m
[90m│[39m Environment        [90m│[39m development                                      [90m│[39m
[90m│[39m Process PID        [90m│[39m 104                                              [90m│[39m
[90m│[39m Version            [90m│[39m 5.50.0 (node v24.16.0)                           [90m│[39m
[90m│[39m Edition            [90m│[39m Community                                        [90m│[39m
[90m│[39m Database           [90m│[39m postgres                                         [90m│[39m
[90m│[39m Database name      [90m│[39m ambient_cms                                      [90m│[39m
[90m╰────────────────────[39m[90m┴──────────────────────────────────────────────────╯[39m

 Actions available

Welcome back!
To access the server ⚡️, go to:
http://localhost:1338

[2026-07-13 06:17:26.223] [32minfo[39m: Strapi started successfully
[2026-07-13 06:17:26.523] [32mhttp[39m: GET /admin/init (26 ms) 200
[2026-07-13 06:17:26.660] [32mhttp[39m: GET /admin/license-limit-information (139 ms) 200
[2026-07-13 06:17:26.720] [32mhttp[39m: GET /admin/homepage/layout (206 ms) 200
[2026-07-13 06:17:26.763] [32mhttp[39m: GET /admin/information (230 ms) 200
[2026-07-13 06:17:26.815] [32mhttp[39m: GET /admin/telemetry-properties (152 ms) 200
[2026-07-13 06:17:26.827] [32mhttp[39m: GET /content-manager/homepage/count-documents (297 ms) 200
[2026-07-13 06:17:26.868] [32mhttp[39m: GET /admin/homepage/key-statistics (341 ms) 200
[2026-07-13 06:17:26.878] [32mhttp[39m: GET /admin/guided-tour-meta (60 ms) 200
[2026-07-13 06:20:49.798] [32mhttp[39m: GET /uploads/Ambient_Hero_Dummy_Video_1804920f79.mp4 (5 ms) 206
[2026-07-13 06:20:49.798] [32mhttp[39m: GET /uploads/Ambient_Hero_Dummy_Video_9a554d165c.webm (2 ms) 206
[2026-07-13 06:20:49.902] [32mhttp[39m: GET /uploads/Ambient_Hero_Dummy_Video_1804920f79.mp4 (3 ms) 206
[2026-07-13 06:23:06.611] [32mhttp[39m: POST /admin/access-token (43 ms) 200
[2026-07-13 06:25:24.219] [32minfo[39m: File changed: C:\Users\speed\Documents\scraft\ambient\cms\src\index.ts
[2026-07-13 06:25:25.966] [32minfo[39m: Shutting down Strapi
[2026-07-13 06:25:26.025] [32minfo[39m: Strapi has been shut down
[2026-07-13 06:25:29.807] [33mwarn[39m: The strapi::cors middleware no longer supports the `enabled` option. Using it to conditionally enable CORS might cause an insecure default. To disable strapi::cors, remove it from the exported array in config/middleware.js
[2026-07-13 06:25:30.514] [33mwarn[39m: [email]: The "sendmail" email provider is still supported, but for most production setups that use a dedicated SMTP relay, consider switching to @strapi/provider-email-nodemailer (set `provider` to `"nodemailer"` in your email plugin config). This message is only shown in non-production environments.
Adding missing images to existing latest_news cards...
Seeded missing images in latest_news successfully!
Seeding initial Navbar settings...
Seeding initial Footer settings...

 Project information

[90m╭────────────────────[39m[90m┬──────────────────────────────────────────────────╮[39m
[90m│[39m Time               [90m│[39m Mon Jul 13 2026 06:25:33 GMT-0700 (Pacific Dayl… [90m│[39m
[90m│[39m Launched in        [90m│[39m 5321 ms                                          [90m│[39m
[90m│[39m Environment        [90m│[39m development                                      [90m│[39m
[90m│[39m Process PID        [90m│[39m 13448                                            [90m│[39m
[90m│[39m Version            [90m│[39m 5.50.0 (node v24.16.0)                           [90m│[39m
[90m│[39m Edition            [90m│[39m Community                                        [90m│[39m
[90m│[39m Database           [90m│[39m postgres                                         [90m│[39m
[90m│[39m Database name      [90m│[39m ambient_cms                                      [90m│[39m
[90m╰────────────────────[39m[90m┴──────────────────────────────────────────────────╯[39m

 Actions available

Welcome back!
To access the server ⚡️, go to:
http://localhost:1338

[2026-07-13 06:25:33.792] [32minfo[39m: Strapi started successfully
