- Cleaning dist dir C:/Users/speed/Documents/scraft/ambient/cms/dist
✔ Cleaning dist dir (36ms)
- Loading Strapi
Config file not loaded, extension must be one of .js,.json): admin.js.map
Config file not loaded, extension must be one of .js,.json): cron.js.map
Config file not loaded, extension must be one of .js,.json): database.js.map
Config file not loaded, extension must be one of .js,.json): middlewares.js.map
Config file not loaded, extension must be one of .js,.json): plugins.js.map
Config file not loaded, extension must be one of .js,.json): server.js.map
(node:104) DeprecationWarning: Calling client.query() when the client is already executing a query is deprecated and will be removed in pg@9.0. Use async/await or an external async flow control mechanism instead.
(Use `node --trace-deprecation ...` to show where the warning was created)
- Building build context
✔ Building build context (744ms)
- Creating admin
[33mThe CJS build of Vite's Node API is deprecated. See https://vite.dev/guide/troubleshooting.html#vite-cjs-node-api-deprecated for more details.[39m
✔ Creating admin (589ms)
✔ Loading Strapi (5753ms)
- Generating types
✔ Generating types (2544ms)
- Compiling TS
- Cleaning dist dir C:/Users/speed/Documents/scraft/ambient/cms/dist
✔ Cleaning dist dir (181ms)
✔ Compiling TS (2018ms)

  Error: write ECONNABORTED
      at afterWriteDispatched (node:internal/stream_base_commons:159:15)
      at writeGeneric (node:internal/stream_base_commons:150:3)
      at Socket._writeGeneric (node:net:1025:11)
      at Socket._write (node:net:1037:8)
      at doWrite (node:internal/streams/writable:596:12)
      at clearBuffer (node:internal/streams/writable:781:7)
      at Writable.uncork (node:internal/streams/writable:529:7)
      at connectionCorkNT (node:_http_outgoing:981:8)
      at process.processTicksAndRejections (node:internal/process/task_queues:89:21)

- Cleaning dist dir C:/Users/speed/Documents/scraft/ambient/cms/dist
✔ Cleaning dist dir (47ms)
- Loading Strapi
Config file not loaded, extension must be one of .js,.json): admin.js.map
Config file not loaded, extension must be one of .js,.json): cron.js.map
Config file not loaded, extension must be one of .js,.json): database.js.map
Config file not loaded, extension must be one of .js,.json): middlewares.js.map
Config file not loaded, extension must be one of .js,.json): plugins.js.map
Config file not loaded, extension must be one of .js,.json): server.js.map
(node:13448) DeprecationWarning: Calling client.query() when the client is already executing a query is deprecated and will be removed in pg@9.0. Use async/await or an external async flow control mechanism instead.
(Use `node --trace-deprecation ...` to show where the warning was created)
Error seeding Navbar: YupValidationError: header.nav_items must be defined.
    at handleYupError (C:\Users\speed\Documents\scraft\ambient\cms\node_modules\@strapi\utils\dist\validators.js:28:11)
    at C:\Users\speed\Documents\scraft\ambient\cms\node_modules\@strapi\utils\dist\validators.js:41:17
    at process.processTicksAndRejections (node:internal/process/task_queues:104:5)
    at async Object.createEntry [as create] (C:\Users\speed\Documents\scraft\ambient\cms\node_modules\@strapi\core\dist\services\document-service\entries.js:63:27)
    at async create (C:\Users\speed\Documents\scraft\ambient\cms\node_modules\@strapi\core\dist\services\document-service\repository.js:285:21)
    at async C:\Users\speed\Documents\scraft\ambient\cms\node_modules\@strapi\database\dist\index.js:89:29
    at async Array.databaseErrorsMiddleware (C:\Users\speed\Documents\scraft\ambient\cms\node_modules\@strapi\core\dist\services\document-service\middlewares\errors.js:16:16)
    at async bootstrap (C:\Users\speed\Documents\scraft\ambient\cms\dist\src\index.js:151:21)
    at async Strapi.runUserLifecycles (C:\Users\speed\Documents\scraft\ambient\cms\node_modules\@strapi\core\dist\Strapi.js:447:13)
    at async Strapi.bootstrap (C:\Users\speed\Documents\scraft\ambient\cms\node_modules\@strapi\core\dist\Strapi.js:404:9) {
  details: { errors: [ [Object] ] }
}
Error seeding Footer: YupValidationError: newsletter.subtitle must be defined.
    at handleYupError (C:\Users\speed\Documents\scraft\ambient\cms\node_modules\@strapi\utils\dist\validators.js:28:11)
    at C:\Users\speed\Documents\scraft\ambient\cms\node_modules\@strapi\utils\dist\validators.js:41:17
    at process.processTicksAndRejections (node:internal/process/task_queues:104:5)
    at async Object.createEntry [as create] (C:\Users\speed\Documents\scraft\ambient\cms\node_modules\@strapi\core\dist\services\document-service\entries.js:63:27)
    at async create (C:\Users\speed\Documents\scraft\ambient\cms\node_modules\@strapi\core\dist\services\document-service\repository.js:285:21)
    at async C:\Users\speed\Documents\scraft\ambient\cms\node_modules\@strapi\database\dist\index.js:89:29
    at async Array.databaseErrorsMiddleware (C:\Users\speed\Documents\scraft\ambient\cms\node_modules\@strapi\core\dist\services\document-service\middlewares\errors.js:16:16)
    at async bootstrap (C:\Users\speed\Documents\scraft\ambient\cms\dist\src\index.js:168:21)
    at async Strapi.runUserLifecycles (C:\Users\speed\Documents\scraft\ambient\cms\node_modules\@strapi\core\dist\Strapi.js:447:13)
    at async Strapi.bootstrap (C:\Users\speed\Documents\scraft\ambient\cms\node_modules\@strapi\core\dist\Strapi.js:404:9) {
  details: { errors: [ [Object] ] }
}
- Building build context
✔ Building build context (68ms)
- Creating admin
[33mThe CJS build of Vite's Node API is deprecated. See https://vite.dev/guide/troubleshooting.html#vite-cjs-node-api-deprecated for more details.[39m
✔ Creating admin (335ms)
✔ Loading Strapi (2861ms)
- Generating types
✔ Generating types (786ms)
- Compiling TS
- Cleaning dist dir C:/Users/speed/Documents/scraft/ambient/cms/dist
✔ Cleaning dist dir (132ms)
✔ Compiling TS (1634ms)
