- Loading Strapi
Config file not loaded, extension must be one of .js,.json): admin.js.map
Config file not loaded, extension must be one of .js,.json): cron.js.map
Config file not loaded, extension must be one of .js,.json): database.js.map
Config file not loaded, extension must be one of .js,.json): middlewares.js.map
Config file not loaded, extension must be one of .js,.json): plugins.js.map
Config file not loaded, extension must be one of .js,.json): server.js.map
(node:30097) DeprecationWarning: Calling client.query() when the client is already executing a query is deprecated and will be removed in pg@9.0. Use async/await or an external async flow control mechanism instead.
(Use `node --trace-deprecation ...` to show where the warning was created)
- Building build context
✔ Building build context (82ms)
- Creating admin
[33mThe CJS build of Vite's Node API is deprecated. See https://vite.dev/guide/troubleshooting.html#vite-cjs-node-api-deprecated for more details.[39m
✔ Creating admin (519ms)
✔ Loading Strapi (21390ms)
- Generating types
✔ Generating types (747ms)
- Compiling TS
- Cleaning dist dir /Users/udayznanam/Documents/ambient/cms/dist
✔ Cleaning dist dir (114ms)
✔ Compiling TS (6359ms)
- Cleaning dist dir /Users/udayznanam/Documents/ambient/cms/dist
✔ Cleaning dist dir (65ms)
- Loading Strapi
Config file not loaded, extension must be one of .js,.json): admin.js.map
Config file not loaded, extension must be one of .js,.json): cron.js.map
Config file not loaded, extension must be one of .js,.json): database.js.map
Config file not loaded, extension must be one of .js,.json): middlewares.js.map
Config file not loaded, extension must be one of .js,.json): plugins.js.map
Config file not loaded, extension must be one of .js,.json): server.js.map
(node:30868) DeprecationWarning: Calling client.query() when the client is already executing a query is deprecated and will be removed in pg@9.0. Use async/await or an external async flow control mechanism instead.
(Use `node --trace-deprecation ...` to show where the warning was created)
- Building build context
✔ Building build context (80ms)
- Creating admin
[33mThe CJS build of Vite's Node API is deprecated. See https://vite.dev/guide/troubleshooting.html#vite-cjs-node-api-deprecated for more details.[39m
✔ Creating admin (318ms)
✔ Loading Strapi (104796ms)
- Generating types
✔ Generating types (444ms)
- Compiling TS
- Cleaning dist dir /Users/udayznanam/Documents/ambient/cms/dist
✔ Cleaning dist dir (54ms)
✔ Compiling TS (1602ms)
- Cleaning dist dir /Users/udayznanam/Documents/ambient/cms/dist
✔ Cleaning dist dir (90ms)
- Loading Strapi
Config file not loaded, extension must be one of .js,.json): admin.js.map
Config file not loaded, extension must be one of .js,.json): cron.js.map
Config file not loaded, extension must be one of .js,.json): database.js.map
Config file not loaded, extension must be one of .js,.json): middlewares.js.map
Config file not loaded, extension must be one of .js,.json): plugins.js.map
Config file not loaded, extension must be one of .js,.json): server.js.map
(node:31663) DeprecationWarning: Calling client.query() when the client is already executing a query is deprecated and will be removed in pg@9.0. Use async/await or an external async flow control mechanism instead.
(Use `node --trace-deprecation ...` to show where the warning was created)
- Building build context
✔ Building build context (94ms)
- Creating admin
[33mThe CJS build of Vite's Node API is deprecated. See https://vite.dev/guide/troubleshooting.html#vite-cjs-node-api-deprecated for more details.[39m
✔ Creating admin (367ms)
✔ Loading Strapi (161647ms)
- Generating types
✔ Generating types (445ms)
- Compiling TS
- Cleaning dist dir /Users/udayznanam/Documents/ambient/cms/dist
✔ Cleaning dist dir (58ms)
✔ Compiling TS (2321ms)
